[2026-06-07 01:26:03Z INFO HostContext] No proxy settings were found based on environmental variables (http_proxy/https_proxy/HTTP_PROXY/HTTPS_PROXY)
[2026-06-07 01:26:03Z INFO HostContext] Well known directory 'Bin': 'C:\Users\leona\Documents\POS\Projetos\pgats-ci-selfHosted\actions-runner\bin'
[2026-06-07 01:26:03Z INFO HostContext] Well known directory 'Root': 'C:\Users\leona\Documents\POS\Projetos\pgats-ci-selfHosted\actions-runner'
[2026-06-07 01:26:03Z INFO HostContext] Well known config file 'Credentials': 'C:\Users\leona\Documents\POS\Projetos\pgats-ci-selfHosted\actions-runner\.credentials'
[2026-06-07 01:26:03Z INFO HostContext] Well known directory 'Bin': 'C:\Users\leona\Documents\POS\Projetos\pgats-ci-selfHosted\actions-runner\bin'
[2026-06-07 01:26:03Z INFO HostContext] Well known directory 'Root': 'C:\Users\leona\Documents\POS\Projetos\pgats-ci-selfHosted\actions-runner'
[2026-06-07 01:26:03Z INFO HostContext] Well known config file 'Runner': 'C:\Users\leona\Documents\POS\Projetos\pgats-ci-selfHosted\actions-runner\.runner'
[2026-06-07 01:26:03Z INFO Listener] Runner is built for Windows (X64) - win-x64.
[2026-06-07 01:26:03Z INFO Listener] RuntimeInformation: Microsoft Windows 10.0.26200.
[2026-06-07 01:26:03Z INFO Listener] Version: 2.334.0
[2026-06-07 01:26:03Z INFO Listener] Commit: f1995ede5d885c997d13d8eca5467c4ce97fe69c
[2026-06-07 01:26:03Z INFO Listener] Culture: pt-BR
[2026-06-07 01:26:03Z INFO Listener] UI Culture: pt-BR
[2026-06-07 01:26:03Z INFO HostContext] Well known directory 'Bin': 'C:\Users\leona\Documents\POS\Projetos\pgats-ci-selfHosted\actions-runner\bin'
[2026-06-07 01:26:03Z INFO HostContext] Well known directory 'Root': 'C:\Users\leona\Documents\POS\Projetos\pgats-ci-selfHosted\actions-runner'
[2026-06-07 01:26:03Z INFO Listener] Validating directory permissions for: 'C:\Users\leona\Documents\POS\Projetos\pgats-ci-selfHosted\actions-runner'
[2026-06-07 01:26:03Z INFO CommandLineParser] Parse
[2026-06-07 01:26:03Z INFO CommandLineParser] Parsing 3 args
[2026-06-07 01:26:03Z INFO CommandLineParser] parsing argument
[2026-06-07 01:26:03Z INFO CommandLineParser] HasArgs: False
[2026-06-07 01:26:03Z INFO CommandLineParser] Adding Command: configure
[2026-06-07 01:26:03Z INFO CommandLineParser] parsing argument
[2026-06-07 01:26:03Z INFO CommandLineParser] HasArgs: True
[2026-06-07 01:26:03Z INFO CommandLineParser] arg: url
[2026-06-07 01:26:03Z INFO CommandLineParser] parsing argument
[2026-06-07 01:26:03Z INFO CommandLineParser] HasArgs: True
[2026-06-07 01:26:03Z INFO CommandLineParser] Adding option 'url': 'https://github.com/leonardodms111/pgats-ci-selfHosted'
[2026-06-07 01:26:03Z INFO Listener] Arguments parsed
[2026-06-07 01:26:03Z INFO Runner] ExecuteCommand
[2026-06-07 01:26:03Z INFO ConfigurationStore] currentAssemblyLocation: C:\Users\leona\Documents\POS\Projetos\pgats-ci-selfHosted\actions-runner\bin\Runner.Listener.dll
[2026-06-07 01:26:03Z INFO HostContext] Well known directory 'Bin': 'C:\Users\leona\Documents\POS\Projetos\pgats-ci-selfHosted\actions-runner\bin'
[2026-06-07 01:26:03Z INFO ConfigurationStore] binPath: C:\Users\leona\Documents\POS\Projetos\pgats-ci-selfHosted\actions-runner\bin
[2026-06-07 01:26:03Z INFO HostContext] Well known directory 'Bin': 'C:\Users\leona\Documents\POS\Projetos\pgats-ci-selfHosted\actions-runner\bin'
[2026-06-07 01:26:03Z INFO HostContext] Well known directory 'Root': 'C:\Users\leona\Documents\POS\Projetos\pgats-ci-selfHosted\actions-runner'
[2026-06-07 01:26:03Z INFO ConfigurationStore] RootFolder: C:\Users\leona\Documents\POS\Projetos\pgats-ci-selfHosted\actions-runner
[2026-06-07 01:26:03Z INFO HostContext] Well known directory 'Bin': 'C:\Users\leona\Documents\POS\Projetos\pgats-ci-selfHosted\actions-runner\bin'
[2026-06-07 01:26:03Z INFO HostContext] Well known directory 'Root': 'C:\Users\leona\Documents\POS\Projetos\pgats-ci-selfHosted\actions-runner'
[2026-06-07 01:26:03Z INFO HostContext] Well known config file 'Runner': 'C:\Users\leona\Documents\POS\Projetos\pgats-ci-selfHosted\actions-runner\.runner'
[2026-06-07 01:26:03Z INFO ConfigurationStore] ConfigFilePath: C:\Users\leona\Documents\POS\Projetos\pgats-ci-selfHosted\actions-runner\.runner
[2026-06-07 01:26:03Z INFO HostContext] Well known directory 'Bin': 'C:\Users\leona\Documents\POS\Projetos\pgats-ci-selfHosted\actions-runner\bin'
[2026-06-07 01:26:03Z INFO HostContext] Well known directory 'Root': 'C:\Users\leona\Documents\POS\Projetos\pgats-ci-selfHosted\actions-runner'
[2026-06-07 01:26:03Z INFO HostContext] Well known config file 'MigratedRunner': 'C:\Users\leona\Documents\POS\Projetos\pgats-ci-selfHosted\actions-runner\.runner_migrated'
[2026-06-07 01:26:03Z INFO ConfigurationStore] MigratedConfigFilePath: C:\Users\leona\Documents\POS\Projetos\pgats-ci-selfHosted\actions-runner\.runner_migrated
[2026-06-07 01:26:03Z INFO HostContext] Well known directory 'Bin': 'C:\Users\leona\Documents\POS\Projetos\pgats-ci-selfHosted\actions-runner\bin'
[2026-06-07 01:26:03Z INFO HostContext] Well known directory 'Root': 'C:\Users\leona\Documents\POS\Projetos\pgats-ci-selfHosted\actions-runner'
[2026-06-07 01:26:03Z INFO HostContext] Well known config file 'Credentials': 'C:\Users\leona\Documents\POS\Projetos\pgats-ci-selfHosted\actions-runner\.credentials'
[2026-06-07 01:26:03Z INFO ConfigurationStore] CredFilePath: C:\Users\leona\Documents\POS\Projetos\pgats-ci-selfHosted\actions-runner\.credentials
[2026-06-07 01:26:03Z INFO HostContext] Well known directory 'Bin': 'C:\Users\leona\Documents\POS\Projetos\pgats-ci-selfHosted\actions-runner\bin'
[2026-06-07 01:26:03Z INFO HostContext] Well known directory 'Root': 'C:\Users\leona\Documents\POS\Projetos\pgats-ci-selfHosted\actions-runner'
[2026-06-07 01:26:03Z INFO HostContext] Well known config file 'MigratedCredentials': 'C:\Users\leona\Documents\POS\Projetos\pgats-ci-selfHosted\actions-runner\.credentials_migrated'
[2026-06-07 01:26:03Z INFO ConfigurationStore] MigratedCredFilePath: C:\Users\leona\Documents\POS\Projetos\pgats-ci-selfHosted\actions-runner\.credentials_migrated
[2026-06-07 01:26:03Z INFO HostContext] Well known directory 'Bin': 'C:\Users\leona\Documents\POS\Projetos\pgats-ci-selfHosted\actions-runner\bin'
[2026-06-07 01:26:03Z INFO HostContext] Well known directory 'Root': 'C:\Users\leona\Documents\POS\Projetos\pgats-ci-selfHosted\actions-runner'
[2026-06-07 01:26:03Z INFO HostContext] Well known config file 'Service': 'C:\Users\leona\Documents\POS\Projetos\pgats-ci-selfHosted\actions-runner\.service'
[2026-06-07 01:26:03Z INFO ConfigurationStore] ServiceConfigFilePath: C:\Users\leona\Documents\POS\Projetos\pgats-ci-selfHosted\actions-runner\.service
[2026-06-07 01:26:03Z INFO CommandSettings] Flag 'help': 'False'
[2026-06-07 01:26:03Z INFO CommandSettings] Flag 'version': 'False'
[2026-06-07 01:26:03Z INFO CommandSettings] Flag 'commit': 'False'
[2026-06-07 01:26:03Z INFO CommandSettings] Flag 'check': 'False'
[2026-06-07 01:26:03Z INFO CommandSettings] Command 'configure': 'True'
[2026-06-07 01:26:03Z INFO Terminal] WRITE LINE: 
[2026-06-07 01:26:03Z INFO Terminal] WRITE LINE: --------------------------------------------------------------------------------
[2026-06-07 01:26:03Z INFO Terminal] WRITE LINE: |        ____ _ _   _   _       _          _        _   _                      |
[2026-06-07 01:26:03Z INFO Terminal] WRITE LINE: |       / ___(_) |_| | | |_   _| |__      / \   ___| |_(_) ___  _ __  ___      |
[2026-06-07 01:26:03Z INFO Terminal] WRITE LINE: |      | |  _| | __| |_| | | | | '_ \    / _ \ / __| __| |/ _ \| '_ \/ __|     |
[2026-06-07 01:26:03Z INFO Terminal] WRITE LINE: |      | |_| | | |_|  _  | |_| | |_) |  / ___ \ (__| |_| | (_) | | | \__ \     |
[2026-06-07 01:26:03Z INFO Terminal] WRITE LINE: |       \____|_|\__|_| |_|\__,_|_.__/  /_/   \_\___|\__|_|\___/|_| |_|___/     |
[2026-06-07 01:26:03Z INFO Terminal] WRITE LINE: |                                                                              |
[2026-06-07 01:26:03Z INFO Terminal] WRITE: |                       
[2026-06-07 01:26:03Z INFO Terminal] WRITE: Self-hosted runner registration
[2026-06-07 01:26:03Z INFO Terminal] WRITE LINE:                         |
[2026-06-07 01:26:03Z INFO Terminal] WRITE LINE: |                                                                              |
[2026-06-07 01:26:03Z INFO Terminal] WRITE LINE: --------------------------------------------------------------------------------
[2026-06-07 01:26:03Z INFO ConfigurationManager] ConfigureAsync
[2026-06-07 01:26:03Z INFO CommandSettings] Flag 'generateServiceConfig': 'False'
[2026-06-07 01:26:03Z INFO ConfigurationStore] IsConfigured()
[2026-06-07 01:26:03Z INFO ConfigurationStore] IsConfigured: False
[2026-06-07 01:26:03Z INFO ConfigurationManager] Is configured: False
[2026-06-07 01:26:03Z INFO CommandSettings] Arg 'url': 'https://github.com/leonardodms111/pgats-ci-selfHosted'
[2026-06-07 01:26:03Z INFO CommandSettings] Remove url from Arg dictionary.
[2026-06-07 01:26:03Z INFO CommandSettings] Arg 'token': ''
[2026-06-07 01:26:03Z INFO CommandSettings] Flag 'unattended': 'False'
[2026-06-07 01:26:03Z INFO PromptManager] ReadValue
[2026-06-07 01:26:03Z INFO Terminal] WRITE: What is your runner register token? 
[2026-06-07 01:26:03Z INFO Terminal] READ SECRET
[2026-06-07 01:27:13Z INFO Terminal] Read value: '***'
[2026-06-07 01:27:14Z INFO ConfigurationManager] Http response code: OK from 'POST https://api.github.com/actions/runner-registration' (DA37:1FF848:1623455:191C8D2:6A24C8F2)
[2026-06-07 01:27:14Z INFO ConfigurationManager] Using runner-admin flow: False
[2026-06-07 01:27:14Z INFO ConfigurationManager] cred retrieved via GitHub auth
[2026-06-07 01:27:14Z INFO RunnerServer] EstablishVssConnection
[2026-06-07 01:27:14Z INFO RunnerServer] Establish connection with 100 seconds timeout.
[2026-06-07 01:27:15Z INFO GitHubActionsService] Starting operation Location.GetConnectionData
[2026-06-07 01:27:15Z INFO RunnerServer] EstablishVssConnection
[2026-06-07 01:27:15Z INFO RunnerServer] Establish connection with 60 seconds timeout.
[2026-06-07 01:27:15Z INFO GitHubActionsService] Starting operation Location.GetConnectionData
[2026-06-07 01:27:15Z INFO RunnerServer] EstablishVssConnection
[2026-06-07 01:27:15Z INFO RunnerServer] Establish connection with 60 seconds timeout.
[2026-06-07 01:27:15Z INFO GitHubActionsService] Starting operation Location.GetConnectionData
[2026-06-07 01:27:15Z INFO GitHubActionsService] Finished operation Location.GetConnectionData
[2026-06-07 01:27:15Z INFO GitHubActionsService] Finished operation Location.GetConnectionData
[2026-06-07 01:27:15Z INFO GitHubActionsService] Finished operation Location.GetConnectionData
[2026-06-07 01:27:15Z INFO Terminal] WRITE LINE: 
[2026-06-07 01:27:15Z INFO ConfigurationManager] Test Connection complete.
[2026-06-07 01:27:15Z INFO HostContext] Well known directory 'Bin': 'C:\Users\leona\Documents\POS\Projetos\pgats-ci-selfHosted\actions-runner\bin'
[2026-06-07 01:27:15Z INFO HostContext] Well known directory 'Root': 'C:\Users\leona\Documents\POS\Projetos\pgats-ci-selfHosted\actions-runner'
[2026-06-07 01:27:15Z INFO HostContext] Well known config file 'RSACredentials': 'C:\Users\leona\Documents\POS\Projetos\pgats-ci-selfHosted\actions-runner\.credentials_rsaparams'
[2026-06-07 01:27:15Z INFO RSAEncryptedFileKeyManager] Creating new RSA key using 2048-bit key length
[2026-06-07 01:27:16Z INFO RSAEncryptedFileKeyManager] Successfully saved RSA key parameters to file C:\Users\leona\Documents\POS\Projetos\pgats-ci-selfHosted\actions-runner\.credentials_rsaparams
[2026-06-07 01:27:16Z INFO CommandSettings] Arg 'runnergroup': ''
[2026-06-07 01:27:16Z INFO CommandSettings] Flag 'unattended': 'False'
[2026-06-07 01:27:16Z INFO PromptManager] ReadValue
[2026-06-07 01:27:16Z INFO Terminal] WRITE: Enter the name of the runner group to add this runner to: 
[2026-06-07 01:27:16Z INFO Terminal] WRITE: [press Enter for Default] 
[2026-06-07 01:27:16Z INFO Terminal] READ LINE
[2026-06-07 01:27:30Z INFO Terminal] Read value: ''
[2026-06-07 01:27:30Z INFO PromptManager] Falling back to the default: 'Default'
[2026-06-07 01:27:30Z INFO Terminal] WRITE LINE: 
[2026-06-07 01:27:30Z INFO ConfigurationManager] Found a self-hosted runner group with id 1 and name Default
[2026-06-07 01:27:30Z INFO CommandSettings] Flag 'disableupdate': 'False'
[2026-06-07 01:27:30Z INFO CommandSettings] Flag 'ephemeral': 'False'
[2026-06-07 01:27:30Z INFO CommandSettings] Arg 'name': ''
[2026-06-07 01:27:30Z INFO CommandSettings] Flag 'unattended': 'False'
[2026-06-07 01:27:30Z INFO PromptManager] ReadValue
[2026-06-07 01:27:30Z INFO Terminal] WRITE: Enter the name of runner: 
[2026-06-07 01:27:30Z INFO Terminal] WRITE: [press Enter for LEONARDO] 
[2026-06-07 01:27:30Z INFO Terminal] READ LINE
[2026-06-07 01:27:33Z INFO Terminal] Read value: ''
[2026-06-07 01:27:33Z INFO PromptManager] Falling back to the default: 'LEONARDO'
[2026-06-07 01:27:33Z INFO Terminal] WRITE LINE: 
[2026-06-07 01:27:33Z INFO CommandSettings] Arg 'labels': ''
[2026-06-07 01:27:33Z INFO CommandSettings] Flag 'unattended': 'False'
[2026-06-07 01:27:33Z INFO PromptManager] ReadValue
[2026-06-07 01:27:33Z INFO Terminal] WRITE: This runner will have the following labels: 'self-hosted', 'Windows', 'X64' 
Enter any additional labels (ex. label-1,label-2): 
[2026-06-07 01:27:33Z INFO Terminal] WRITE: [press Enter to skip] 
[2026-06-07 01:27:33Z INFO Terminal] READ LINE
[2026-06-07 01:27:44Z INFO Terminal] Read value: ''
[2026-06-07 01:27:44Z INFO Terminal] WRITE LINE: 
[2026-06-07 01:27:44Z INFO Terminal] WRITE LINE: A runner exists with the same name
[2026-06-07 01:27:44Z INFO CommandSettings] Flag 'replace': 'False'
[2026-06-07 01:27:44Z INFO CommandSettings] Flag 'unattended': 'False'
[2026-06-07 01:27:44Z INFO PromptManager] ReadValue
[2026-06-07 01:27:44Z INFO Terminal] WRITE: Would you like to replace the existing runner? (Y/N) 
[2026-06-07 01:27:44Z INFO Terminal] WRITE: [press Enter for N] 
[2026-06-07 01:27:44Z INFO Terminal] READ LINE
[2026-06-07 01:27:52Z INFO Terminal] Read value: 'n'
[2026-06-07 01:27:52Z INFO CommandSettings] Flag 'unattended': 'False'
[2026-06-07 01:27:52Z INFO CommandSettings] Flag 'disableupdate': 'False'
[2026-06-07 01:27:52Z INFO CommandSettings] Flag 'ephemeral': 'False'
[2026-06-07 01:27:52Z INFO CommandSettings] Arg 'name': ''
[2026-06-07 01:27:52Z INFO CommandSettings] Flag 'unattended': 'False'
[2026-06-07 01:27:52Z INFO PromptManager] ReadValue
[2026-06-07 01:27:52Z INFO Terminal] WRITE: Enter the name of runner: 
[2026-06-07 01:27:52Z INFO Terminal] WRITE: [press Enter for LEONARDO] 
[2026-06-07 01:27:52Z INFO Terminal] READ LINE
[2026-06-07 01:27:56Z INFO Terminal] Read value: ''
[2026-06-07 01:27:56Z INFO PromptManager] Falling back to the default: 'LEONARDO'
[2026-06-07 01:27:56Z INFO Terminal] WRITE LINE: 
[2026-06-07 01:27:56Z INFO CommandSettings] Arg 'labels': ''
[2026-06-07 01:27:56Z INFO CommandSettings] Flag 'unattended': 'False'
[2026-06-07 01:27:56Z INFO PromptManager] ReadValue
[2026-06-07 01:27:56Z INFO Terminal] WRITE: This runner will have the following labels: 'self-hosted', 'Windows', 'X64' 
Enter any additional labels (ex. label-1,label-2): 
[2026-06-07 01:27:56Z INFO Terminal] WRITE: [press Enter to skip] 
[2026-06-07 01:27:56Z INFO Terminal] READ LINE
[2026-06-07 01:28:55Z INFO Terminal] Read value: 'N'
[2026-06-07 01:28:55Z INFO Terminal] WRITE LINE: 
[2026-06-07 01:28:56Z INFO Terminal] WRITE LINE: A runner exists with the same name
[2026-06-07 01:28:56Z INFO CommandSettings] Flag 'replace': 'False'
[2026-06-07 01:28:56Z INFO CommandSettings] Flag 'unattended': 'False'
[2026-06-07 01:28:56Z INFO PromptManager] ReadValue
[2026-06-07 01:28:56Z INFO Terminal] WRITE: Would you like to replace the existing runner? (Y/N) 
[2026-06-07 01:28:56Z INFO Terminal] WRITE: [press Enter for N] 
[2026-06-07 01:28:56Z INFO Terminal] READ LINE
[2026-06-07 01:29:00Z INFO Terminal] Read value: 'N'
[2026-06-07 01:29:00Z INFO CommandSettings] Flag 'unattended': 'False'
[2026-06-07 01:29:00Z INFO CommandSettings] Flag 'disableupdate': 'False'
[2026-06-07 01:29:00Z INFO CommandSettings] Flag 'ephemeral': 'False'
[2026-06-07 01:29:00Z INFO CommandSettings] Arg 'name': ''
[2026-06-07 01:29:00Z INFO CommandSettings] Flag 'unattended': 'False'
[2026-06-07 01:29:00Z INFO PromptManager] ReadValue
[2026-06-07 01:29:00Z INFO Terminal] WRITE: Enter the name of runner: 
[2026-06-07 01:29:00Z INFO Terminal] WRITE: [press Enter for LEONARDO] 
[2026-06-07 01:29:00Z INFO Terminal] READ LINE
[2026-06-07 01:29:06Z INFO Terminal] Read value: ''
[2026-06-07 01:29:06Z INFO PromptManager] Falling back to the default: 'LEONARDO'
[2026-06-07 01:29:06Z INFO Terminal] WRITE LINE: 
[2026-06-07 01:29:06Z INFO CommandSettings] Arg 'labels': ''
[2026-06-07 01:29:06Z INFO CommandSettings] Flag 'unattended': 'False'
[2026-06-07 01:29:06Z INFO PromptManager] ReadValue
[2026-06-07 01:29:06Z INFO Terminal] WRITE: This runner will have the following labels: 'self-hosted', 'Windows', 'X64' 
Enter any additional labels (ex. label-1,label-2): 
[2026-06-07 01:29:06Z INFO Terminal] WRITE: [press Enter to skip] 
[2026-06-07 01:29:06Z INFO Terminal] READ LINE
[2026-06-07 01:29:09Z INFO Terminal] Read value: 'N'
[2026-06-07 01:29:09Z INFO Terminal] WRITE LINE: 
[2026-06-07 01:29:09Z INFO Terminal] WRITE LINE: A runner exists with the same name
[2026-06-07 01:29:09Z INFO CommandSettings] Flag 'replace': 'False'
[2026-06-07 01:29:09Z INFO CommandSettings] Flag 'unattended': 'False'
[2026-06-07 01:29:09Z INFO PromptManager] ReadValue
[2026-06-07 01:29:09Z INFO Terminal] WRITE: Would you like to replace the existing runner? (Y/N) 
[2026-06-07 01:29:09Z INFO Terminal] WRITE: [press Enter for N] 
[2026-06-07 01:29:09Z INFO Terminal] READ LINE
[2026-06-07 01:29:17Z INFO Terminal] Read value: 'Y'
[2026-06-07 01:29:17Z INFO CommandSettings] Flag 'disableupdate': 'False'
[2026-06-07 01:29:17Z INFO CommandSettings] Flag 'no-default-labels': 'False'
[2026-06-07 01:29:17Z INFO CommandSettings] Flag 'disableupdate': 'False'
[2026-06-07 01:29:17Z INFO CommandSettings] Flag 'ephemeral': 'False'
[2026-06-07 01:29:17Z INFO ConfigurationStore] Saving OAuth credential @ C:\Users\leona\Documents\POS\Projetos\pgats-ci-selfHosted\actions-runner\.credentials
[2026-06-07 01:29:17Z INFO ConfigurationStore] Credentials Saved.
[2026-06-07 01:29:17Z INFO ConfigurationManager] Service enforced serverUrlV2: https://broker.actions.githubusercontent.com/
[2026-06-07 01:29:17Z INFO ConfigurationManager] Service enforced useV2Flow: True
[2026-06-07 01:29:17Z INFO CommandSettings] Arg 'work': ''
[2026-06-07 01:29:17Z INFO CommandSettings] Flag 'unattended': 'False'
[2026-06-07 01:29:17Z INFO PromptManager] ReadValue
[2026-06-07 01:29:17Z INFO Terminal] WRITE: Enter name of work folder: 
[2026-06-07 01:29:17Z INFO Terminal] WRITE: [press Enter for _work] 
[2026-06-07 01:29:17Z INFO Terminal] READ LINE
[2026-06-07 01:29:29Z INFO Terminal] Read value: ''
[2026-06-07 01:29:29Z INFO PromptManager] Falling back to the default: '_work'
[2026-06-07 01:29:29Z INFO ConfigurationStore] Saving runner settings.
[2026-06-07 01:29:29Z INFO ConfigurationStore] Settings Saved.
[2026-06-07 01:29:29Z INFO Terminal] WRITE LINE: 
[2026-06-07 01:29:29Z INFO Terminal] WRITE LINE: 
[2026-06-07 01:29:29Z INFO CommandSettings] Flag 'runasservice': 'False'
[2026-06-07 01:29:29Z INFO CommandSettings] Flag 'unattended': 'False'
[2026-06-07 01:29:29Z INFO PromptManager] ReadValue
[2026-06-07 01:29:29Z INFO Terminal] WRITE: Would you like to run the runner as service? (Y/N) 
[2026-06-07 01:29:29Z INFO Terminal] WRITE: [press Enter for N] 
[2026-06-07 01:29:29Z INFO Terminal] READ LINE
[2026-06-07 01:29:36Z INFO Terminal] Read value: 'N'
[2026-06-07 01:29:36Z INFO Listener] Runner execution has finished with return code 0
