[2026-06-07 01:26:06Z INFO HostContext] No proxy settings were found based on environmental variables (http_proxy/https_proxy/HTTP_PROXY/HTTPS_PROXY)
[2026-06-07 01:26:06Z INFO HostContext] Well known directory 'Bin': 'C:\Users\leona\Documents\POS\Projetos\pgats-ci-selfHosted\actions-runner\bin'
[2026-06-07 01:26:06Z INFO HostContext] Well known directory 'Root': 'C:\Users\leona\Documents\POS\Projetos\pgats-ci-selfHosted\actions-runner'
[2026-06-07 01:26:06Z INFO HostContext] Well known config file 'Credentials': 'C:\Users\leona\Documents\POS\Projetos\pgats-ci-selfHosted\actions-runner\.credentials'
[2026-06-07 01:26:06Z INFO HostContext] Well known directory 'Bin': 'C:\Users\leona\Documents\POS\Projetos\pgats-ci-selfHosted\actions-runner\bin'
[2026-06-07 01:26:06Z INFO HostContext] Well known directory 'Root': 'C:\Users\leona\Documents\POS\Projetos\pgats-ci-selfHosted\actions-runner'
[2026-06-07 01:26:06Z INFO HostContext] Well known config file 'Runner': 'C:\Users\leona\Documents\POS\Projetos\pgats-ci-selfHosted\actions-runner\.runner'
[2026-06-07 01:26:06Z INFO Listener] Runner is built for Windows (X64) - win-x64.
[2026-06-07 01:26:06Z INFO Listener] RuntimeInformation: Microsoft Windows 10.0.26200.
[2026-06-07 01:26:06Z INFO Listener] Version: 2.334.0
[2026-06-07 01:26:06Z INFO Listener] Commit: f1995ede5d885c997d13d8eca5467c4ce97fe69c
[2026-06-07 01:26:06Z INFO Listener] Culture: pt-BR
[2026-06-07 01:26:06Z INFO Listener] UI Culture: pt-BR
[2026-06-07 01:26:06Z INFO HostContext] Well known directory 'Bin': 'C:\Users\leona\Documents\POS\Projetos\pgats-ci-selfHosted\actions-runner\bin'
[2026-06-07 01:26:06Z INFO HostContext] Well known directory 'Root': 'C:\Users\leona\Documents\POS\Projetos\pgats-ci-selfHosted\actions-runner'
[2026-06-07 01:26:06Z INFO Listener] Validating directory permissions for: 'C:\Users\leona\Documents\POS\Projetos\pgats-ci-selfHosted\actions-runner'
[2026-06-07 01:26:06Z INFO CommandLineParser] Parse
[2026-06-07 01:26:06Z INFO CommandLineParser] Parsing 1 args
[2026-06-07 01:26:06Z INFO CommandLineParser] parsing argument
[2026-06-07 01:26:06Z INFO CommandLineParser] HasArgs: False
[2026-06-07 01:26:06Z INFO CommandLineParser] Adding Command: run
[2026-06-07 01:26:06Z INFO Listener] Arguments parsed
[2026-06-07 01:26:06Z INFO Runner] ExecuteCommand
[2026-06-07 01:26:06Z INFO ConfigurationStore] currentAssemblyLocation: C:\Users\leona\Documents\POS\Projetos\pgats-ci-selfHosted\actions-runner\bin\Runner.Listener.dll
[2026-06-07 01:26:06Z INFO HostContext] Well known directory 'Bin': 'C:\Users\leona\Documents\POS\Projetos\pgats-ci-selfHosted\actions-runner\bin'
[2026-06-07 01:26:06Z INFO ConfigurationStore] binPath: C:\Users\leona\Documents\POS\Projetos\pgats-ci-selfHosted\actions-runner\bin
[2026-06-07 01:26:06Z INFO HostContext] Well known directory 'Bin': 'C:\Users\leona\Documents\POS\Projetos\pgats-ci-selfHosted\actions-runner\bin'
[2026-06-07 01:26:06Z INFO HostContext] Well known directory 'Root': 'C:\Users\leona\Documents\POS\Projetos\pgats-ci-selfHosted\actions-runner'
[2026-06-07 01:26:06Z INFO ConfigurationStore] RootFolder: C:\Users\leona\Documents\POS\Projetos\pgats-ci-selfHosted\actions-runner
[2026-06-07 01:26:06Z INFO HostContext] Well known directory 'Bin': 'C:\Users\leona\Documents\POS\Projetos\pgats-ci-selfHosted\actions-runner\bin'
[2026-06-07 01:26:06Z INFO HostContext] Well known directory 'Root': 'C:\Users\leona\Documents\POS\Projetos\pgats-ci-selfHosted\actions-runner'
[2026-06-07 01:26:06Z INFO HostContext] Well known config file 'Runner': 'C:\Users\leona\Documents\POS\Projetos\pgats-ci-selfHosted\actions-runner\.runner'
[2026-06-07 01:26:06Z INFO ConfigurationStore] ConfigFilePath: C:\Users\leona\Documents\POS\Projetos\pgats-ci-selfHosted\actions-runner\.runner
[2026-06-07 01:26:06Z INFO HostContext] Well known directory 'Bin': 'C:\Users\leona\Documents\POS\Projetos\pgats-ci-selfHosted\actions-runner\bin'
[2026-06-07 01:26:06Z INFO HostContext] Well known directory 'Root': 'C:\Users\leona\Documents\POS\Projetos\pgats-ci-selfHosted\actions-runner'
[2026-06-07 01:26:06Z INFO HostContext] Well known config file 'MigratedRunner': 'C:\Users\leona\Documents\POS\Projetos\pgats-ci-selfHosted\actions-runner\.runner_migrated'
[2026-06-07 01:26:06Z INFO ConfigurationStore] MigratedConfigFilePath: C:\Users\leona\Documents\POS\Projetos\pgats-ci-selfHosted\actions-runner\.runner_migrated
[2026-06-07 01:26:06Z INFO HostContext] Well known directory 'Bin': 'C:\Users\leona\Documents\POS\Projetos\pgats-ci-selfHosted\actions-runner\bin'
[2026-06-07 01:26:06Z INFO HostContext] Well known directory 'Root': 'C:\Users\leona\Documents\POS\Projetos\pgats-ci-selfHosted\actions-runner'
[2026-06-07 01:26:06Z INFO HostContext] Well known config file 'Credentials': 'C:\Users\leona\Documents\POS\Projetos\pgats-ci-selfHosted\actions-runner\.credentials'
[2026-06-07 01:26:06Z INFO ConfigurationStore] CredFilePath: C:\Users\leona\Documents\POS\Projetos\pgats-ci-selfHosted\actions-runner\.credentials
[2026-06-07 01:26:06Z INFO HostContext] Well known directory 'Bin': 'C:\Users\leona\Documents\POS\Projetos\pgats-ci-selfHosted\actions-runner\bin'
[2026-06-07 01:26:06Z INFO HostContext] Well known directory 'Root': 'C:\Users\leona\Documents\POS\Projetos\pgats-ci-selfHosted\actions-runner'
[2026-06-07 01:26:06Z INFO HostContext] Well known config file 'MigratedCredentials': 'C:\Users\leona\Documents\POS\Projetos\pgats-ci-selfHosted\actions-runner\.credentials_migrated'
[2026-06-07 01:26:06Z INFO ConfigurationStore] MigratedCredFilePath: C:\Users\leona\Documents\POS\Projetos\pgats-ci-selfHosted\actions-runner\.credentials_migrated
[2026-06-07 01:26:06Z INFO HostContext] Well known directory 'Bin': 'C:\Users\leona\Documents\POS\Projetos\pgats-ci-selfHosted\actions-runner\bin'
[2026-06-07 01:26:06Z INFO HostContext] Well known directory 'Root': 'C:\Users\leona\Documents\POS\Projetos\pgats-ci-selfHosted\actions-runner'
[2026-06-07 01:26:06Z INFO HostContext] Well known config file 'Service': 'C:\Users\leona\Documents\POS\Projetos\pgats-ci-selfHosted\actions-runner\.service'
[2026-06-07 01:26:06Z INFO ConfigurationStore] ServiceConfigFilePath: C:\Users\leona\Documents\POS\Projetos\pgats-ci-selfHosted\actions-runner\.service
[2026-06-07 01:26:06Z INFO CommandSettings] Flag 'help': 'False'
[2026-06-07 01:26:06Z INFO CommandSettings] Flag 'version': 'False'
[2026-06-07 01:26:06Z INFO CommandSettings] Flag 'commit': 'False'
[2026-06-07 01:26:06Z INFO CommandSettings] Flag 'check': 'False'
[2026-06-07 01:26:06Z INFO CommandSettings] Command 'configure': 'False'
[2026-06-07 01:26:06Z INFO CommandSettings] Command 'remove': 'False'
[2026-06-07 01:26:06Z INFO CommandSettings] Command 'warmup': 'False'
[2026-06-07 01:26:06Z INFO ConfigurationManager] LoadSettings
[2026-06-07 01:26:06Z INFO ConfigurationStore] IsConfigured()
[2026-06-07 01:26:06Z INFO ConfigurationStore] IsConfigured: False
[2026-06-07 01:26:06Z INFO ConfigurationManager] Is configured: False
[2026-06-07 01:26:06Z ERR  Terminal] WRITE ERROR: An error occurred: Not configured. Run config.(sh/cmd) to configure the runner.
[2026-06-07 01:26:06Z ERR  Listener] GitHub.Runner.Common.NonRetryableException: Not configured. Run config.(sh/cmd) to configure the runner.
   at GitHub.Runner.Listener.Configuration.ConfigurationManager.LoadSettings()
   at GitHub.Runner.Listener.Runner.ExecuteCommand(CommandSettings command)
   at GitHub.Runner.Listener.Program.MainAsync(IHostContext context, String[] args)
