[2026-06-07 00:50:02Z INFO HostContext] No proxy settings were found based on environmental variables (http_proxy/https_proxy/HTTP_PROXY/HTTPS_PROXY)
[2026-06-07 00:50:02Z INFO HostContext] Well known directory 'Bin': 'C:\Users\leona\Documents\POS\Projetos\pgats-ci-selfHosted\bin'
[2026-06-07 00:50:02Z INFO HostContext] Well known directory 'Root': 'C:\Users\leona\Documents\POS\Projetos\pgats-ci-selfHosted'
[2026-06-07 00:50:02Z INFO HostContext] Well known config file 'Credentials': 'C:\Users\leona\Documents\POS\Projetos\pgats-ci-selfHosted\.credentials'
[2026-06-07 00:50:02Z INFO HostContext] Well known directory 'Bin': 'C:\Users\leona\Documents\POS\Projetos\pgats-ci-selfHosted\bin'
[2026-06-07 00:50:02Z INFO HostContext] Well known directory 'Root': 'C:\Users\leona\Documents\POS\Projetos\pgats-ci-selfHosted'
[2026-06-07 00:50:02Z INFO HostContext] Well known config file 'Runner': 'C:\Users\leona\Documents\POS\Projetos\pgats-ci-selfHosted\.runner'
[2026-06-07 00:50:02Z INFO Listener] Runner is built for Windows (X64) - win-x64.
[2026-06-07 00:50:02Z INFO Listener] RuntimeInformation: Microsoft Windows 10.0.26200.
[2026-06-07 00:50:02Z INFO Listener] Version: 2.334.0
[2026-06-07 00:50:02Z INFO Listener] Commit: f1995ede5d885c997d13d8eca5467c4ce97fe69c
[2026-06-07 00:50:02Z INFO Listener] Culture: pt-BR
[2026-06-07 00:50:02Z INFO Listener] UI Culture: pt-BR
[2026-06-07 00:50:02Z INFO HostContext] Well known directory 'Bin': 'C:\Users\leona\Documents\POS\Projetos\pgats-ci-selfHosted\bin'
[2026-06-07 00:50:02Z INFO HostContext] Well known directory 'Root': 'C:\Users\leona\Documents\POS\Projetos\pgats-ci-selfHosted'
[2026-06-07 00:50:02Z INFO Listener] Validating directory permissions for: 'C:\Users\leona\Documents\POS\Projetos\pgats-ci-selfHosted'
[2026-06-07 00:50:02Z INFO CommandLineParser] Parse
[2026-06-07 00:50:02Z INFO CommandLineParser] Parsing 5 args
[2026-06-07 00:50:02Z INFO CommandLineParser] parsing argument
[2026-06-07 00:50:02Z INFO CommandLineParser] HasArgs: False
[2026-06-07 00:50:02Z INFO CommandLineParser] Adding Command: configure
[2026-06-07 00:50:02Z INFO CommandLineParser] parsing argument
[2026-06-07 00:50:02Z INFO CommandLineParser] HasArgs: True
[2026-06-07 00:50:02Z INFO CommandLineParser] arg: url
[2026-06-07 00:50:02Z INFO CommandLineParser] parsing argument
[2026-06-07 00:50:02Z INFO CommandLineParser] HasArgs: True
[2026-06-07 00:50:02Z INFO CommandLineParser] Adding option 'url': 'https://github.com/leonardodms111/pgats-ci-selfHosted'
[2026-06-07 00:50:02Z INFO CommandLineParser] parsing argument
[2026-06-07 00:50:02Z INFO CommandLineParser] HasArgs: True
[2026-06-07 00:50:02Z INFO CommandLineParser] arg: token
[2026-06-07 00:50:02Z INFO CommandLineParser] parsing argument
[2026-06-07 00:50:02Z INFO CommandLineParser] HasArgs: True
[2026-06-07 00:50:02Z INFO CommandLineParser] Adding option 'token': '***'
[2026-06-07 00:50:02Z INFO Listener] Arguments parsed
[2026-06-07 00:50:02Z INFO Runner] ExecuteCommand
[2026-06-07 00:50:02Z INFO ConfigurationStore] currentAssemblyLocation: C:\Users\leona\Documents\POS\Projetos\pgats-ci-selfHosted\bin\Runner.Listener.dll
[2026-06-07 00:50:02Z INFO HostContext] Well known directory 'Bin': 'C:\Users\leona\Documents\POS\Projetos\pgats-ci-selfHosted\bin'
[2026-06-07 00:50:02Z INFO ConfigurationStore] binPath: C:\Users\leona\Documents\POS\Projetos\pgats-ci-selfHosted\bin
[2026-06-07 00:50:02Z INFO HostContext] Well known directory 'Bin': 'C:\Users\leona\Documents\POS\Projetos\pgats-ci-selfHosted\bin'
[2026-06-07 00:50:02Z INFO HostContext] Well known directory 'Root': 'C:\Users\leona\Documents\POS\Projetos\pgats-ci-selfHosted'
[2026-06-07 00:50:02Z INFO ConfigurationStore] RootFolder: C:\Users\leona\Documents\POS\Projetos\pgats-ci-selfHosted
[2026-06-07 00:50:02Z INFO HostContext] Well known directory 'Bin': 'C:\Users\leona\Documents\POS\Projetos\pgats-ci-selfHosted\bin'
[2026-06-07 00:50:02Z INFO HostContext] Well known directory 'Root': 'C:\Users\leona\Documents\POS\Projetos\pgats-ci-selfHosted'
[2026-06-07 00:50:02Z INFO HostContext] Well known config file 'Runner': 'C:\Users\leona\Documents\POS\Projetos\pgats-ci-selfHosted\.runner'
[2026-06-07 00:50:02Z INFO ConfigurationStore] ConfigFilePath: C:\Users\leona\Documents\POS\Projetos\pgats-ci-selfHosted\.runner
[2026-06-07 00:50:02Z INFO HostContext] Well known directory 'Bin': 'C:\Users\leona\Documents\POS\Projetos\pgats-ci-selfHosted\bin'
[2026-06-07 00:50:02Z INFO HostContext] Well known directory 'Root': 'C:\Users\leona\Documents\POS\Projetos\pgats-ci-selfHosted'
[2026-06-07 00:50:02Z INFO HostContext] Well known config file 'MigratedRunner': 'C:\Users\leona\Documents\POS\Projetos\pgats-ci-selfHosted\.runner_migrated'
[2026-06-07 00:50:02Z INFO ConfigurationStore] MigratedConfigFilePath: C:\Users\leona\Documents\POS\Projetos\pgats-ci-selfHosted\.runner_migrated
[2026-06-07 00:50:02Z INFO HostContext] Well known directory 'Bin': 'C:\Users\leona\Documents\POS\Projetos\pgats-ci-selfHosted\bin'
[2026-06-07 00:50:02Z INFO HostContext] Well known directory 'Root': 'C:\Users\leona\Documents\POS\Projetos\pgats-ci-selfHosted'
[2026-06-07 00:50:02Z INFO HostContext] Well known config file 'Credentials': 'C:\Users\leona\Documents\POS\Projetos\pgats-ci-selfHosted\.credentials'
[2026-06-07 00:50:02Z INFO ConfigurationStore] CredFilePath: C:\Users\leona\Documents\POS\Projetos\pgats-ci-selfHosted\.credentials
[2026-06-07 00:50:02Z INFO HostContext] Well known directory 'Bin': 'C:\Users\leona\Documents\POS\Projetos\pgats-ci-selfHosted\bin'
[2026-06-07 00:50:02Z INFO HostContext] Well known directory 'Root': 'C:\Users\leona\Documents\POS\Projetos\pgats-ci-selfHosted'
[2026-06-07 00:50:02Z INFO HostContext] Well known config file 'MigratedCredentials': 'C:\Users\leona\Documents\POS\Projetos\pgats-ci-selfHosted\.credentials_migrated'
[2026-06-07 00:50:02Z INFO ConfigurationStore] MigratedCredFilePath: C:\Users\leona\Documents\POS\Projetos\pgats-ci-selfHosted\.credentials_migrated
[2026-06-07 00:50:02Z INFO HostContext] Well known directory 'Bin': 'C:\Users\leona\Documents\POS\Projetos\pgats-ci-selfHosted\bin'
[2026-06-07 00:50:02Z INFO HostContext] Well known directory 'Root': 'C:\Users\leona\Documents\POS\Projetos\pgats-ci-selfHosted'
[2026-06-07 00:50:02Z INFO HostContext] Well known config file 'Service': 'C:\Users\leona\Documents\POS\Projetos\pgats-ci-selfHosted\.service'
[2026-06-07 00:50:02Z INFO ConfigurationStore] ServiceConfigFilePath: C:\Users\leona\Documents\POS\Projetos\pgats-ci-selfHosted\.service
[2026-06-07 00:50:02Z INFO CommandSettings] Flag 'help': 'False'
[2026-06-07 00:50:02Z INFO CommandSettings] Flag 'version': 'False'
[2026-06-07 00:50:02Z INFO CommandSettings] Flag 'commit': 'False'
[2026-06-07 00:50:02Z INFO CommandSettings] Flag 'check': 'False'
[2026-06-07 00:50:02Z INFO CommandSettings] Command 'configure': 'True'
[2026-06-07 00:50:02Z INFO Terminal] WRITE LINE: 
[2026-06-07 00:50:02Z INFO Terminal] WRITE LINE: --------------------------------------------------------------------------------
[2026-06-07 00:50:02Z INFO Terminal] WRITE LINE: |        ____ _ _   _   _       _          _        _   _                      |
[2026-06-07 00:50:02Z INFO Terminal] WRITE LINE: |       / ___(_) |_| | | |_   _| |__      / \   ___| |_(_) ___  _ __  ___      |
[2026-06-07 00:50:02Z INFO Terminal] WRITE LINE: |      | |  _| | __| |_| | | | | '_ \    / _ \ / __| __| |/ _ \| '_ \/ __|     |
[2026-06-07 00:50:02Z INFO Terminal] WRITE LINE: |      | |_| | | |_|  _  | |_| | |_) |  / ___ \ (__| |_| | (_) | | | \__ \     |
[2026-06-07 00:50:02Z INFO Terminal] WRITE LINE: |       \____|_|\__|_| |_|\__,_|_.__/  /_/   \_\___|\__|_|\___/|_| |_|___/     |
[2026-06-07 00:50:02Z INFO Terminal] WRITE LINE: |                                                                              |
[2026-06-07 00:50:02Z INFO Terminal] WRITE: |                       
[2026-06-07 00:50:02Z INFO Terminal] WRITE: Self-hosted runner registration
[2026-06-07 00:50:02Z INFO Terminal] WRITE LINE:                         |
[2026-06-07 00:50:02Z INFO Terminal] WRITE LINE: |                                                                              |
[2026-06-07 00:50:02Z INFO Terminal] WRITE LINE: --------------------------------------------------------------------------------
[2026-06-07 00:50:02Z INFO ConfigurationManager] ConfigureAsync
[2026-06-07 00:50:02Z INFO CommandSettings] Flag 'generateServiceConfig': 'False'
[2026-06-07 00:50:02Z INFO ConfigurationStore] IsConfigured()
[2026-06-07 00:50:02Z INFO ConfigurationStore] IsConfigured: False
[2026-06-07 00:50:02Z INFO ConfigurationManager] Is configured: False
[2026-06-07 00:50:02Z INFO CommandSettings] Arg 'url': 'https://github.com/leonardodms111/pgats-ci-selfHosted'
[2026-06-07 00:50:02Z INFO CommandSettings] Remove url from Arg dictionary.
[2026-06-07 00:50:02Z INFO CommandSettings] Arg 'token': '***'
[2026-06-07 00:50:02Z INFO CommandSettings] Remove token from Arg dictionary.
[2026-06-07 00:50:02Z INFO ConfigurationManager] Http response code: OK from 'POST https://api.github.com/actions/runner-registration' (CE66:318326:15388E9:1821EFF:6A24C03A)
[2026-06-07 00:50:02Z INFO ConfigurationManager] Using runner-admin flow: False
[2026-06-07 00:50:02Z INFO ConfigurationManager] cred retrieved via GitHub auth
[2026-06-07 00:50:02Z INFO RunnerServer] EstablishVssConnection
[2026-06-07 00:50:02Z INFO RunnerServer] Establish connection with 100 seconds timeout.
[2026-06-07 00:50:02Z INFO GitHubActionsService] Starting operation Location.GetConnectionData
[2026-06-07 00:50:02Z INFO RunnerServer] EstablishVssConnection
[2026-06-07 00:50:02Z INFO RunnerServer] Establish connection with 60 seconds timeout.
[2026-06-07 00:50:02Z INFO GitHubActionsService] Starting operation Location.GetConnectionData
[2026-06-07 00:50:02Z INFO RunnerServer] EstablishVssConnection
[2026-06-07 00:50:02Z INFO RunnerServer] Establish connection with 60 seconds timeout.
[2026-06-07 00:50:02Z INFO GitHubActionsService] Starting operation Location.GetConnectionData
[2026-06-07 00:50:03Z INFO GitHubActionsService] Finished operation Location.GetConnectionData
[2026-06-07 00:50:03Z INFO GitHubActionsService] Finished operation Location.GetConnectionData
[2026-06-07 00:50:03Z INFO GitHubActionsService] Finished operation Location.GetConnectionData
[2026-06-07 00:50:03Z INFO Terminal] WRITE LINE: 
[2026-06-07 00:50:03Z INFO ConfigurationManager] Test Connection complete.
[2026-06-07 00:50:03Z INFO HostContext] Well known directory 'Bin': 'C:\Users\leona\Documents\POS\Projetos\pgats-ci-selfHosted\bin'
[2026-06-07 00:50:03Z INFO HostContext] Well known directory 'Root': 'C:\Users\leona\Documents\POS\Projetos\pgats-ci-selfHosted'
[2026-06-07 00:50:03Z INFO HostContext] Well known config file 'RSACredentials': 'C:\Users\leona\Documents\POS\Projetos\pgats-ci-selfHosted\.credentials_rsaparams'
[2026-06-07 00:50:03Z INFO RSAEncryptedFileKeyManager] Found existing RSA key parameters file C:\Users\leona\Documents\POS\Projetos\pgats-ci-selfHosted\.credentials_rsaparams
[2026-06-07 00:50:03Z INFO CommandSettings] Arg 'runnergroup': ''
[2026-06-07 00:50:03Z INFO CommandSettings] Flag 'unattended': 'False'
[2026-06-07 00:50:03Z INFO PromptManager] ReadValue
[2026-06-07 00:50:03Z INFO Terminal] WRITE: Enter the name of the runner group to add this runner to: 
[2026-06-07 00:50:03Z INFO Terminal] WRITE: [press Enter for Default] 
[2026-06-07 00:50:03Z INFO Terminal] READ LINE
[2026-06-07 00:50:12Z INFO Terminal] Read value: 'runner_ci'
[2026-06-07 00:50:12Z INFO Terminal] WRITE LINE: 
[2026-06-07 00:50:12Z ERR  Runner] GitHub.DistributedTask.WebApi.TaskAgentPoolNotFoundException: Could not find any self-hosted runner group named "runner_ci".
   at GitHub.Runner.Listener.Configuration.ConfigurationManager.ConfigureAsync(CommandSettings command)
   at GitHub.Runner.Listener.Runner.ExecuteCommand(CommandSettings command)
[2026-06-07 00:50:12Z ERR  Terminal] WRITE ERROR: Could not find any self-hosted runner group named "runner_ci".
[2026-06-07 00:50:12Z INFO Listener] Runner execution has finished with return code 1
